// Jest Snapshot v1, https://goo.gl/fbAQLP

exports[`The page component should render correctly 1`] = `
<div
  className="Avatarstyle__Container-vc2bed-0 fWkIzP"
>
  <div
    className="Avatarstyle__Content-vc2bed-1 iSRiGY"
  >
    <button
      className="MuiButtonBase-root-27 MuiButton-root-1 MuiButton-contained-12 MuiButton-containedPrimary-13 MuiButton-raised-15 MuiButton-raisedPrimary-16"
      disabled={false}
      onBlur={[Function]}
      onClick={[Function]}
      onFocus={[Function]}
      onKeyDown={[Function]}
      onKeyUp={[Function]}
      onMouseDown={[Function]}
      onMouseLeave={[Function]}
      onMouseUp={[Function]}
      onTouchEnd={[Function]}
      onTouchMove={[Function]}
      onTouchStart={[Function]}
      tabIndex={0}
      type="button"
    >
      <span
        className="MuiButton-label-2"
      >
        <span>
          Retour
        </span>
      </span>
      <span
        className="MuiTouchRipple-root-99"
      />
    </button>
    <p
      className="MuiTypography-root-30 MuiTypography-body1-39"
    >
      <span>
        Ce message est traduit en utilisant directement l'API react-intl
      </span>
    </p>
    <br />
    <div
      className="MuiFormControl-root-65 MuiFormControl-marginNormal-66 MuiFormControl-fullWidth-68"
    >
      <div
        className="MuiInputBase-root-82 MuiInput-root-69 MuiInput-underline-73 MuiInputBase-fullWidth-91 MuiInput-fullWidth-76 MuiInputBase-formControl-83 MuiInput-formControl-70"
        onClick={[Function]}
      >
        <input
          aria-invalid={false}
          className="MuiInputBase-input-92 MuiInput-input-77"
          disabled={false}
          id="github-avatar-input"
          onBlur={[Function]}
          onChange={[Function]}
          onFocus={[Function]}
          required={false}
          type="text"
        />
      </div>
    </div>
    <br />
    <button
      className="MuiButtonBase-root-27 MuiButton-root-1 MuiButton-contained-12 MuiButton-containedPrimary-13 MuiButton-raised-15 MuiButton-raisedPrimary-16"
      disabled={false}
      onBlur={[Function]}
      onClick={[Function]}
      onFocus={[Function]}
      onKeyDown={[Function]}
      onKeyUp={[Function]}
      onMouseDown={[Function]}
      onMouseLeave={[Function]}
      onMouseUp={[Function]}
      onTouchEnd={[Function]}
      onTouchMove={[Function]}
      onTouchStart={[Function]}
      tabIndex="0"
      type="button"
    >
      <span
        className="MuiButton-label-2"
      >
        <span>
          Affiche l'avatar github
        </span>
      </span>
      <span
        className="MuiTouchRipple-root-99"
      />
    </button>
    <img
      alt="user avatar"
      src="https://avatars1.githubusercontent.com/u/9215726?v=4"
    />
  </div>
</div>
`;
